INFO:create_template.log:microwave_0 with sample(s)=[200126511, 200126512, 200126513] digesting element(s)=['Ca']
INFO:create_template.log:adding Ca to 200126511
INFO:create_template.log:storing: 200126511_1 @digestion_page!16
INFO:create_template.log:storing: 200126511_2 @digestion_page!17
INFO:create_template.log:adding Ca to 200126512
INFO:create_template.log:storing: 200126512_1 @digestion_page!18
INFO:create_template.log:storing: 200126512_2 @digestion_page!19
INFO:create_template.log:adding Ca to 200126513
INFO:create_template.log:storing: 200126513_1 @digestion_page!20
INFO:create_template.log:storing: 200126513_2 @digestion_page!21
INFO:create_template.log:referencing 200126511_1 weight from digestion_page!B17
INFO:create_template.log:referencing 200126511_1 volume from digestion_page!C17
INFO:create_template.log:referencing 200126511_2 weight from digestion_page!B18
INFO:create_template.log:referencing 200126511_2 volume from digestion_page!C18
INFO:create_template.log:referencing 200126512_1 weight from digestion_page!B19
INFO:create_template.log:referencing 200126512_1 volume from digestion_page!C19
INFO:create_template.log:referencing 200126512_2 weight from digestion_page!B20
INFO:create_template.log:referencing 200126512_2 volume from digestion_page!C20
INFO:create_template.log:referencing 200126513_1 weight from digestion_page!B21
INFO:create_template.log:referencing 200126513_1 volume from digestion_page!C21
INFO:create_template.log:referencing 200126513_2 weight from digestion_page!B22
INFO:create_template.log:referencing 200126513_2 volume from digestion_page!C22
INFO:create_template.log:microwave_0 with sample(s)=[200126511, 200126512, 200126513] digesting element(s)=['Ca', 'Y']
INFO:create_template.log:adding Ca to 200126511
INFO:create_template.log:adding Y to 200126511
INFO:create_template.log:storing: 200126511_1 @digestion_page!16
INFO:create_template.log:storing: 200126511_2 @digestion_page!17
INFO:create_template.log:adding Ca to 200126512
INFO:create_template.log:adding Y to 200126512
INFO:create_template.log:storing: 200126512_1 @digestion_page!18
INFO:create_template.log:storing: 200126512_2 @digestion_page!19
INFO:create_template.log:adding Ca to 200126513
INFO:create_template.log:adding Y to 200126513
INFO:create_template.log:storing: 200126513_1 @digestion_page!20
INFO:create_template.log:storing: 200126513_2 @digestion_page!21
INFO:create_template.log:referencing 200126511_1 weight from digestion_page!B17
INFO:create_template.log:referencing 200126511_1 volume from digestion_page!C17
INFO:create_template.log:referencing 200126511_2 weight from digestion_page!B18
INFO:create_template.log:referencing 200126511_2 volume from digestion_page!C18
INFO:create_template.log:referencing 200126511_1 weight from digestion_page!B17
INFO:create_template.log:referencing 200126511_1 volume from digestion_page!C17
INFO:create_template.log:referencing 200126511_2 weight from digestion_page!B18
INFO:create_template.log:referencing 200126511_2 volume from digestion_page!C18
INFO:create_template.log:referencing 200126512_1 weight from digestion_page!B19
INFO:create_template.log:referencing 200126512_1 volume from digestion_page!C19
INFO:create_template.log:referencing 200126512_2 weight from digestion_page!B20
INFO:create_template.log:referencing 200126512_2 volume from digestion_page!C20
INFO:create_template.log:referencing 200126512_1 weight from digestion_page!B19
INFO:create_template.log:referencing 200126512_1 volume from digestion_page!C19
INFO:create_template.log:referencing 200126512_2 weight from digestion_page!B20
INFO:create_template.log:referencing 200126512_2 volume from digestion_page!C20
INFO:create_template.log:referencing 200126513_1 weight from digestion_page!B21
INFO:create_template.log:referencing 200126513_1 volume from digestion_page!C21
INFO:create_template.log:referencing 200126513_2 weight from digestion_page!B22
INFO:create_template.log:referencing 200126513_2 volume from digestion_page!C22
INFO:create_template.log:referencing 200126513_1 weight from digestion_page!B21
INFO:create_template.log:referencing 200126513_1 volume from digestion_page!C21
INFO:create_template.log:referencing 200126513_2 weight from digestion_page!B22
INFO:create_template.log:referencing 200126513_2 volume from digestion_page!C22
INFO:create_template.log:microwave_0 with sample(s)=[200126511, 200126512, 200126513] digesting element(s)=['Ca', 'Y']
INFO:create_template.log:adding Ca to 200126511
INFO:create_template.log:adding Y to 200126511
INFO:create_template.log:storing: 200126511_1 @digestion_page!16
INFO:create_template.log:storing: 200126511_2 @digestion_page!17
INFO:create_template.log:adding Ca to 200126512
INFO:create_template.log:adding Y to 200126512
INFO:create_template.log:storing: 200126512_1 @digestion_page!18
INFO:create_template.log:storing: 200126512_2 @digestion_page!19
INFO:create_template.log:adding Ca to 200126513
INFO:create_template.log:adding Y to 200126513
INFO:create_template.log:storing: 200126513_1 @digestion_page!20
INFO:create_template.log:storing: 200126513_2 @digestion_page!21
INFO:create_template.log:referencing 200126511_1 weight from digestion_page!B17
INFO:create_template.log:referencing 200126511_1 volume from digestion_page!C17
INFO:create_template.log:referencing 200126511_2 weight from digestion_page!B18
INFO:create_template.log:referencing 200126511_2 volume from digestion_page!C18
INFO:create_template.log:referencing 200126511_1 weight from digestion_page!B17
INFO:create_template.log:referencing 200126511_1 volume from digestion_page!C17
INFO:create_template.log:referencing 200126511_2 weight from digestion_page!B18
INFO:create_template.log:referencing 200126511_2 volume from digestion_page!C18
INFO:create_template.log:referencing 200126512_1 weight from digestion_page!B19
INFO:create_template.log:referencing 200126512_1 volume from digestion_page!C19
INFO:create_template.log:referencing 200126512_2 weight from digestion_page!B20
INFO:create_template.log:referencing 200126512_2 volume from digestion_page!C20
INFO:create_template.log:referencing 200126512_1 weight from digestion_page!B19
INFO:create_template.log:referencing 200126512_1 volume from digestion_page!C19
INFO:create_template.log:referencing 200126512_2 weight from digestion_page!B20
INFO:create_template.log:referencing 200126512_2 volume from digestion_page!C20
INFO:create_template.log:referencing 200126513_1 weight from digestion_page!B21
INFO:create_template.log:referencing 200126513_1 volume from digestion_page!C21
INFO:create_template.log:referencing 200126513_2 weight from digestion_page!B22
INFO:create_template.log:referencing 200126513_2 volume from digestion_page!C22
INFO:create_template.log:referencing 200126513_1 weight from digestion_page!B21
INFO:create_template.log:referencing 200126513_1 volume from digestion_page!C21
INFO:create_template.log:referencing 200126513_2 weight from digestion_page!B22
INFO:create_template.log:referencing 200126513_2 volume from digestion_page!C22
INFO:create_template.log:microwave_0 with sample(s)=[200126511, 200126512, 200126513] digesting element(s)=['Ca', 'Y']
INFO:create_template.log:adding Ca to 200126511
INFO:create_template.log:adding Y to 200126511
INFO:create_template.log:storing: 200126511_1 @digestion_page!16
INFO:create_template.log:storing: 200126511_2 @digestion_page!17
INFO:create_template.log:adding Ca to 200126512
INFO:create_template.log:adding Y to 200126512
INFO:create_template.log:storing: 200126512_1 @digestion_page!18
INFO:create_template.log:storing: 200126512_2 @digestion_page!19
INFO:create_template.log:adding Ca to 200126513
INFO:create_template.log:adding Y to 200126513
INFO:create_template.log:storing: 200126513_1 @digestion_page!20
INFO:create_template.log:storing: 200126513_2 @digestion_page!21
INFO:create_template.log:hotplate_0 with sample(s)=[200126511, 200126512, 200126513] digesting element(s)=['Cr2o3', 'cr6', 'cr3']
INFO:create_template.log:adding Cr2o3 to 200126511
INFO:create_template.log:adding cr6 to 200126511
INFO:create_template.log:adding cr3 to 200126511
INFO:create_template.log:storing: 200126511_1 @digestion_page!29
INFO:create_template.log:storing: 200126511_2 @digestion_page!30
INFO:create_template.log:adding Cr2o3 to 200126512
INFO:create_template.log:adding cr6 to 200126512
INFO:create_template.log:adding cr3 to 200126512
INFO:create_template.log:storing: 200126512_1 @digestion_page!31
INFO:create_template.log:storing: 200126512_2 @digestion_page!32
INFO:create_template.log:adding Cr2o3 to 200126513
INFO:create_template.log:adding cr6 to 200126513
INFO:create_template.log:adding cr3 to 200126513
INFO:create_template.log:storing: 200126513_1 @digestion_page!33
INFO:create_template.log:storing: 200126513_2 @digestion_page!34
INFO:create_template.log:referencing 200126511_1 weight from digestion_page!B17
INFO:create_template.log:referencing 200126511_1 volume from digestion_page!C17
INFO:create_template.log:referencing 200126511_2 weight from digestion_page!B18
INFO:create_template.log:referencing 200126511_2 volume from digestion_page!C18
INFO:create_template.log:referencing 200126511_1 weight from digestion_page!B17
INFO:create_template.log:referencing 200126511_1 volume from digestion_page!C17
INFO:create_template.log:referencing 200126511_2 weight from digestion_page!B18
INFO:create_template.log:referencing 200126511_2 volume from digestion_page!C18
INFO:create_template.log:referencing 200126511_1 weight from digestion_page!B30
INFO:create_template.log:referencing 200126511_1 volume from digestion_page!C30
INFO:create_template.log:referencing 200126511_2 weight from digestion_page!B31
INFO:create_template.log:referencing 200126511_2 volume from digestion_page!C31
INFO:create_template.log:referencing 200126511_1 weight from digestion_page!B30
INFO:create_template.log:referencing 200126511_1 volume from digestion_page!C30
INFO:create_template.log:referencing 200126511_2 weight from digestion_page!B31
INFO:create_template.log:referencing 200126511_2 volume from digestion_page!C31
INFO:create_template.log:referencing 200126512_1 weight from digestion_page!B19
INFO:create_template.log:referencing 200126512_1 volume from digestion_page!C19
INFO:create_template.log:referencing 200126512_2 weight from digestion_page!B20
INFO:create_template.log:referencing 200126512_2 volume from digestion_page!C20
INFO:create_template.log:referencing 200126512_1 weight from digestion_page!B19
INFO:create_template.log:referencing 200126512_1 volume from digestion_page!C19
INFO:create_template.log:referencing 200126512_2 weight from digestion_page!B20
INFO:create_template.log:referencing 200126512_2 volume from digestion_page!C20
INFO:create_template.log:referencing 200126512_1 weight from digestion_page!B32
INFO:create_template.log:referencing 200126512_1 volume from digestion_page!C32
INFO:create_template.log:referencing 200126512_2 weight from digestion_page!B33
INFO:create_template.log:referencing 200126512_2 volume from digestion_page!C33
INFO:create_template.log:referencing 200126512_1 weight from digestion_page!B32
INFO:create_template.log:referencing 200126512_1 volume from digestion_page!C32
INFO:create_template.log:referencing 200126512_2 weight from digestion_page!B33
INFO:create_template.log:referencing 200126512_2 volume from digestion_page!C33
INFO:create_template.log:referencing 200126513_1 weight from digestion_page!B21
INFO:create_template.log:referencing 200126513_1 volume from digestion_page!C21
INFO:create_template.log:referencing 200126513_2 weight from digestion_page!B22
INFO:create_template.log:referencing 200126513_2 volume from digestion_page!C22
INFO:create_template.log:referencing 200126513_1 weight from digestion_page!B21
INFO:create_template.log:referencing 200126513_1 volume from digestion_page!C21
INFO:create_template.log:referencing 200126513_2 weight from digestion_page!B22
INFO:create_template.log:referencing 200126513_2 volume from digestion_page!C22
INFO:create_template.log:referencing 200126513_1 weight from digestion_page!B34
INFO:create_template.log:referencing 200126513_1 volume from digestion_page!C34
INFO:create_template.log:referencing 200126513_2 weight from digestion_page!B35
INFO:create_template.log:referencing 200126513_2 volume from digestion_page!C35
INFO:create_template.log:referencing 200126513_1 weight from digestion_page!B34
INFO:create_template.log:referencing 200126513_1 volume from digestion_page!C34
INFO:create_template.log:referencing 200126513_2 weight from digestion_page!B35
INFO:create_template.log:referencing 200126513_2 volume from digestion_page!C35
