INFO:create_template.log:microwave_0 with sample(s)=[200126511, 200126512] digesting element(s)=['Ca']
INFO:create_template.log:adding Ca to 200126511
INFO:create_template.log:storing: 200126511_1 @digestion_page!16
INFO:create_template.log:storing: 200126511_2 @digestion_page!17
INFO:create_template.log:adding Ca to 200126512
INFO:create_template.log:storing: 200126512_1 @digestion_page!18
INFO:create_template.log:storing: 200126512_2 @digestion_page!19
INFO:create_template.log:referencing 200126511_1 weight from digestion_page!B17
INFO:create_template.log:referencing 200126511_1 volume from digestion_page!C17
INFO:create_template.log:referencing 200126511_2 weight from digestion_page!B18
INFO:create_template.log:referencing 200126511_2 volume from digestion_page!C18
INFO:create_template.log:referencing 200126512_1 weight from digestion_page!B19
INFO:create_template.log:referencing 200126512_1 volume from digestion_page!C19
INFO:create_template.log:referencing 200126512_2 weight from digestion_page!B20
INFO:create_template.log:referencing 200126512_2 volume from digestion_page!C20
INFO:create_template.log:microwave_0 with sample(s)=[200126511, 200126512] digesting element(s)=['Ca', 'Y']
INFO:create_template.log:adding Ca to 200126511
INFO:create_template.log:adding Y to 200126511
INFO:create_template.log:storing: 200126511_1 @digestion_page!16
INFO:create_template.log:storing: 200126511_2 @digestion_page!17
INFO:create_template.log:adding Ca to 200126512
INFO:create_template.log:adding Y to 200126512
INFO:create_template.log:storing: 200126512_1 @digestion_page!18
INFO:create_template.log:storing: 200126512_2 @digestion_page!19
INFO:create_template.log:referencing 200126511_1 weight from digestion_page!B17
INFO:create_template.log:referencing 200126511_1 volume from digestion_page!C17
INFO:create_template.log:referencing 200126511_2 weight from digestion_page!B18
INFO:create_template.log:referencing 200126511_2 volume from digestion_page!C18
INFO:create_template.log:referencing 200126511_1 weight from digestion_page!B17
INFO:create_template.log:referencing 200126511_1 volume from digestion_page!C17
INFO:create_template.log:referencing 200126511_2 weight from digestion_page!B18
INFO:create_template.log:referencing 200126511_2 volume from digestion_page!C18
INFO:create_template.log:referencing 200126512_1 weight from digestion_page!B19
INFO:create_template.log:referencing 200126512_1 volume from digestion_page!C19
INFO:create_template.log:referencing 200126512_2 weight from digestion_page!B20
INFO:create_template.log:referencing 200126512_2 volume from digestion_page!C20
INFO:create_template.log:referencing 200126512_1 weight from digestion_page!B19
INFO:create_template.log:referencing 200126512_1 volume from digestion_page!C19
INFO:create_template.log:referencing 200126512_2 weight from digestion_page!B20
INFO:create_template.log:referencing 200126512_2 volume from digestion_page!C20
